**
(humble.tex
LaTeX2e <2021-11-15> patch level 1
L3 programming layer <2022-02-24> (iacrcc.cls

 *** LaTeX class for IACR Communications in Cryptology v0.78 ***

Document Class: iacrcc 2025/12/29
(currfile.sty
Package: currfile 2020/09/29 v0.7d Provides the file path elements of the curre
nt input file
 (kvoptions.sty
Package: kvoptions 2020-10-07 v3.14 Key value format for package options (HO)
 (keyval.sty
Package: keyval 2014/10/28 v1.15 key=value parser (DPC)
\KV@toks@=\toks16
) (ltxcmds.sty
Package: ltxcmds 2020-05-10 v1.25 LaTeX kernel commands for general use (HO)
) (kvsetkeys.sty
Package: kvsetkeys 2019/12/15 v1.18 Key value parser (HO)
))
(filehook.sty
Package: filehook 2020/09/29 v0.8a Hooks for input files
 (filehook-2020.sty
Package: filehook-2020 2020/09/29 v0.8a Hooks for input files
)) (currfile-abspath.sty
Package: currfile-abspath 2020/09/29 v0.7d Provides absolute file paths, the pa
rent working directory and the main file name
)
\c@currfiledepth=\count181


Package currfile-abspath Warning: The required recorder file (.fls) was not fou
nd.
(currfile-abspath)                Please compile with the '-recorder' option.
(currfile-abspath)                Note that MikTeX requires two compiler runs.
(currfile-abspath)                Occurred on input line 292.

)
iacrcc:opened as expl3.sty
 (expl3.sty
Package: expl3 2022-02-24 L3 programming layer (loader) 
iacrcc:opened as l3backend-xetex.def
 (l3backend-xetex.def
File: l3backend-xetex.def 2022-02-07 L3 backend support: XeTeX
\c__kernel_sys_dvipdfmx_version_int=\count182
\l__color_backend_stack_int=\count183
\g__color_backend_stack_int=\count184
\g__graphics_track_int=\count185
\l__pdf_internal_box=\box50
\g__pdf_backend_object_int=\count186
\g__pdf_backend_annotation_int=\count187
\g__pdf_backend_link_int=\count188
)
iacrcc:closed as l3backend-xetex.def
)
iacrcc:closed as expl3.sty
iacrcc:opened as xkeyval.sty
 (xkeyval.sty
Package: xkeyval 2020/11/20 v2.8 package option processing (HA)
 (xkeyval (xkvutils
\XKV@toks=\toks17
\XKV@tempa@toks=\toks18
)
\XKV@depth=\count189
File: xkeyval.tex 2014/12/03 v2.7a key=value parser (HA)
))
iacrcc:closed as xkeyval.sty
iacrcc:opened as etoolbox.sty

(etoolbox.sty
Package: etoolbox 2020/10/05 v2.5k e-TeX tools for LaTeX (JAW)
\etb@tempcnta=\count190
)
iacrcc:closed as etoolbox.sty

Compiling version=preprint
iacrcc:opened as xstring.sty
(xstring.sty (xstring.tex
\integerpart=\count191
\decimalpart=\count192
)
Package: xstring 2021/07/21 v1.84 String manipulations (CT)
)
iacrcc:closed as xstring.sty
iacrcc:opened as article.cls
 (article.cls
Document Class: article 2021/10/04 v1.4n Standard LaTeX document class
iacrcc:opened as size10.clo
(size10.clo
File: size10.clo 2021/10/04 v1.4n Standard LaTeX file (size option)
)
iacrcc:closed as size10.clo
\c@part=\count193
\c@section=\count194
\c@subsection=\count195
\c@subsubsection=\count196
\c@paragraph=\count197
\c@subparagraph=\count198
\c@figure=\count199
\c@table=\count266
\abovecaptionskip=\skip47
\belowcaptionskip=\skip48
\bibindent=\dimen138
)
iacrcc:closed as article.cls
iacrcc:opened as iftex.sty
 (iftex.sty
Package: iftex 2022/02/03 v1.0f TeX engine tests
)
iacrcc:closed as iftex.sty
iacrcc:opened as geometry.sty
 (geometry.sty
Package: geometry 2020/01/02 v5.9 Page Geometry
iacrcc:opened as ifvtex.sty
 (ifvtex.sty
Package: ifvtex 2019/10/25 v1.7 ifvtex legacy package. Use iftex instead.
)
iacrcc:closed as ifvtex.sty
\Gm@cnth=\count267
\Gm@cntv=\count268
\c@Gm@tempcnt=\count269
\Gm@bindingoffset=\dimen139
\Gm@wd@mp=\dimen140
\Gm@odd@mp=\dimen141
\Gm@even@mp=\dimen142
\Gm@layoutwidth=\dimen143
\Gm@layoutheight=\dimen144
\Gm@layouthoffset=\dimen145
\Gm@layoutvoffset=\dimen146
\Gm@dimlist=\toks19
)
iacrcc:closed as geometry.sty
iacrcc:opened as afterpage.sty
 (afterpage.sty
Package: afterpage 2014/10/28 v1.08 After-Page Package (DPC)
\AP@output=\toks20
\AP@partial=\box51
\AP@footins=\box52
)
iacrcc:closed as afterpage.sty
iacrcc:opened as tikz.sty
 (tikz.sty
iacrcc:opened as pgf.sty
(pgf.sty
iacrcc:opened as pgfrcs.sty
 (pgfrcs.sty (pgfutil-common.tex
\pgfutil@everybye=\toks21
\pgfutil@tempdima=\dimen147
\pgfutil@tempdimb=\dimen148
 (pgfutil-common-lists.tex))
(pgfutil-latex.def
\pgfutil@abb=\box53
)
iacrcc:opened as pgfrcs.code.tex
 (pgfrcs.code.tex (pgf.revision.tex)
Package: pgfrcs 2021/05/15 v3.1.9a (3.1.9a)
)
iacrcc:closed as pgfrcs.code.tex
)
iacrcc:closed as pgfrcs.sty
Package: pgf 2021/05/15 v3.1.9a (3.1.9a)
iacrcc:opened as pgfcore.sty
 (pgfcore.sty
iacrcc:opened as graphicx.sty

(graphicx.sty
Package: graphicx 2021/09/16 v1.2d Enhanced LaTeX Graphics (DPC,SPQR)
iacrcc:opened as graphics.sty
 (graphics.sty
Package: graphics 2021/03/04 v1.4d Standard LaTeX Graphics (DPC,SPQR)
iacrcc:opened as trig.sty
 (trig.sty
Package: trig 2021/08/11 v1.11 sin cos tan (DPC)
)
iacrcc:closed as trig.sty
iacrcc:opened as graphics.cfg
 (graphics.cfg
File: graphics.cfg 2016/06/04 v1.11 sample graphics configuration
)
iacrcc:closed as graphics.cfg
Package graphics Info: Driver file: xetex.def on input line 107.
iacrcc:opened as xetex.def
 (xetex.def
File: xetex.def 2021/03/18 v5.0k Graphics/color driver for xetex
)
iacrcc:closed as xetex.def
)
iacrcc:closed as graphics.sty
\Gin@req@height=\dimen149
\Gin@req@width=\dimen150
)
iacrcc:closed as graphicx.sty
iacrcc:opened as pgfsys.sty
 (pgfsys.sty
iacrcc:opened as pgfsys.code.tex
(pgfsys.code.tex
Package: pgfsys 2021/05/15 v3.1.9a (3.1.9a)
 (pgfkeys.code.tex
\pgfkeys@pathtoks=\toks22
\pgfkeys@temptoks=\toks23
 (pgfkeysfiltered.code.tex
\pgfkeys@tmptoks=\toks24
))
\pgf@x=\dimen151
\pgf@y=\dimen152
\pgf@xa=\dimen153
\pgf@ya=\dimen154
\pgf@xb=\dimen155
\pgf@yb=\dimen156
\pgf@xc=\dimen157
\pgf@yc=\dimen158
\pgf@xd=\dimen159
\pgf@yd=\dimen160
\w@pgf@writea=\write3
\r@pgf@reada=\read2
\c@pgf@counta=\count270
\c@pgf@countb=\count271
\c@pgf@countc=\count272
\c@pgf@countd=\count273
\t@pgf@toka=\toks25
\t@pgf@tokb=\toks26
\t@pgf@tokc=\toks27
\pgf@sys@id@count=\count274
 (pgf.cfg
File: pgf.cfg 2021/05/15 v3.1.9a (3.1.9a)
)
Driver file for pgf: pgfsys-xetex.def

(pgfsys-xetex.def
File: pgfsys-xetex.def 2021/05/15 v3.1.9a (3.1.9a)
 (pgfsys-dvipdfmx.def
File: pgfsys-dvipdfmx.def 2021/05/15 v3.1.9a (3.1.9a)
 (pgfsys-common-pdf.def
File: pgfsys-common-pdf.def 2021/05/15 v3.1.9a (3.1.9a)
)
\pgfsys@objnum=\count275
)))
iacrcc:closed as pgfsys.code.tex
iacrcc:opened as pgfsyssoftpath.code.tex

(pgfsyssoftpath.code.tex
File: pgfsyssoftpath.code.tex 2021/05/15 v3.1.9a (3.1.9a)
\pgfsyssoftpath@smallbuffer@items=\count276
\pgfsyssoftpath@bigbuffer@items=\count277
)
iacrcc:closed as pgfsyssoftpath.code.tex
iacrcc:opened as pgfsysprotocol.code.tex
 (pgfsysprotocol.code.tex
File: pgfsysprotocol.code.tex 2021/05/15 v3.1.9a (3.1.9a)
)
iacrcc:closed as pgfsysprotocol.code.tex
)
iacrcc:closed as pgfsys.sty
iacrcc:opened as xcolor.sty
 (xcolor.sty
Package: xcolor 2021/10/31 v2.13 LaTeX color extensions (UK)
iacrcc:opened as color.cfg
 (color.cfg
File: color.cfg 2016/01/02 v1.6 sample color configuration
)
iacrcc:closed as color.cfg
Package xcolor Info: Driver file: xetex.def on input line 227.
Package xcolor Info: Model `cmy' substituted by `cmy0' on input line 1352.
Package xcolor Info: Model `RGB' extended on input line 1368.
Package xcolor Info: Model `HTML' substituted by `rgb' on input line 1370.
Package xcolor Info: Model `Hsb' substituted by `hsb' on input line 1371.
Package xcolor Info: Model `tHsb' substituted by `hsb' on input line 1372.
Package xcolor Info: Model `HSB' substituted by `hsb' on input line 1373.
Package xcolor Info: Model `Gray' substituted by `gray' on input line 1374.
Package xcolor Info: Model `wave' substituted by `hsb' on input line 1375.
)
iacrcc:closed as xcolor.sty
iacrcc:opened as pgfcore.code.tex

(pgfcore.code.tex
Package: pgfcore 2021/05/15 v3.1.9a (3.1.9a)
 (pgfmath.code.tex (pgfmathcalc.code.tex (pgfmathutil.code.tex) (pgfmathparser.
code.tex
\pgfmath@dimen=\dimen161
\pgfmath@count=\count278
\pgfmath@box=\box54
\pgfmath@toks=\toks28
\pgfmath@stack@operand=\toks29
\pgfmath@stack@operation=\toks30
) (pgfmathfunctions.code.tex
(pgfmathfunctions.basic.code.tex) (pgfmathfunctions.trigonometric.code.tex)
(pgfmathfunctions.random.code.tex) (pgfmathfunctions.comparison.code.tex)
(pgfmathfunctions.base.code.tex) (pgfmathfunctions.round.code.tex)
(pgfmathfunctions.misc.code.tex) (pgfmathfunctions.integerarithmetics.code.tex)
)) (pgfmathfloat.code.tex
\c@pgfmathroundto@lastzeros=\count279
)) (pgfint.code.tex) (pgfcorepoints.code.tex
File: pgfcorepoints.code.tex 2021/05/15 v3.1.9a (3.1.9a)
\pgf@picminx=\dimen162
\pgf@picmaxx=\dimen163
\pgf@picminy=\dimen164
\pgf@picmaxy=\dimen165
\pgf@pathminx=\dimen166
\pgf@pathmaxx=\dimen167
\pgf@pathminy=\dimen168
\pgf@pathmaxy=\dimen169
\pgf@xx=\dimen170
\pgf@xy=\dimen171
\pgf@yx=\dimen172
\pgf@yy=\dimen173
\pgf@zx=\dimen174
\pgf@zy=\dimen175
)
(pgfcorepathconstruct.code.tex
File: pgfcorepathconstruct.code.tex 2021/05/15 v3.1.9a (3.1.9a)
\pgf@path@lastx=\dimen176
\pgf@path@lasty=\dimen177
) (pgfcorepathusage.code.tex
File: pgfcorepathusage.code.tex 2021/05/15 v3.1.9a (3.1.9a)
\pgf@shorten@end@additional=\dimen178
\pgf@shorten@start@additional=\dimen179
)
(pgfcorescopes.code.tex
File: pgfcorescopes.code.tex 2021/05/15 v3.1.9a (3.1.9a)
\pgfpic=\box55
\pgf@hbox=\box56
\pgf@layerbox@main=\box57
\pgf@picture@serial@count=\count280
) (pgfcoregraphicstate.code.tex
File: pgfcoregraphicstate.code.tex 2021/05/15 v3.1.9a (3.1.9a)
\pgflinewidth=\dimen180
)
(pgfcoretransformations.code.tex
File: pgfcoretransformations.code.tex 2021/05/15 v3.1.9a (3.1.9a)
\pgf@pt@x=\dimen181
\pgf@pt@y=\dimen182
\pgf@pt@temp=\dimen183
) (pgfcorequick.code.tex
File: pgfcorequick.code.tex 2021/05/15 v3.1.9a (3.1.9a)
)
(pgfcoreobjects.code.tex
File: pgfcoreobjects.code.tex 2021/05/15 v3.1.9a (3.1.9a)
) (pgfcorepathprocessing.code.tex
File: pgfcorepathprocessing.code.tex 2021/05/15 v3.1.9a (3.1.9a)
)
(pgfcorearrows.code.tex
File: pgfcorearrows.code.tex 2021/05/15 v3.1.9a (3.1.9a)
\pgfarrowsep=\dimen184
) (pgfcoreshade.code.tex
File: pgfcoreshade.code.tex 2021/05/15 v3.1.9a (3.1.9a)
\pgf@max=\dimen185
\pgf@sys@shading@range@num=\count281
\pgf@shadingcount=\count282
) (pgfcoreimage.code.tex
File: pgfcoreimage.code.tex 2021/05/15 v3.1.9a (3.1.9a)

(pgfcoreexternal.code.tex
File: pgfcoreexternal.code.tex 2021/05/15 v3.1.9a (3.1.9a)
\pgfexternal@startupbox=\box58
)) (pgfcorelayers.code.tex
File: pgfcorelayers.code.tex 2021/05/15 v3.1.9a (3.1.9a)
)
(pgfcoretransparency.code.tex
File: pgfcoretransparency.code.tex 2021/05/15 v3.1.9a (3.1.9a)
) (pgfcorepatterns.code.tex
File: pgfcorepatterns.code.tex 2021/05/15 v3.1.9a (3.1.9a)
) (pgfcorerdf.code.tex
File: pgfcorerdf.code.tex 2021/05/15 v3.1.9a (3.1.9a)
))
iacrcc:closed as pgfcore.code.tex
)
iacrcc:closed as pgfcore.sty
 (pgfmoduleshapes.code.tex
File: pgfmoduleshapes.code.tex 2021/05/15 v3.1.9a (3.1.9a)
\pgfnodeparttextbox=\box59
) (pgfmoduleplot.code.tex
File: pgfmoduleplot.code.tex 2021/05/15 v3.1.9a (3.1.9a)
)
iacrcc:opened as pgfcomp-version-0-65.sty

(pgfcomp-version-0-65.sty
Package: pgfcomp-version-0-65 2021/05/15 v3.1.9a (3.1.9a)
\pgf@nodesepstart=\dimen186
\pgf@nodesepend=\dimen187
)
iacrcc:closed as pgfcomp-version-0-65.sty
iacrcc:opened as pgfcomp-version-1-18.sty
 (pgfcomp-version-1-18.sty
Package: pgfcomp-version-1-18 2021/05/15 v3.1.9a (3.1.9a)
)
iacrcc:closed as pgfcomp-version-1-18.sty
)
iacrcc:closed as pgf.sty
iacrcc:opened as pgffor.sty
 (pgffor.sty
iacrcc:opened as pgfkeys.sty
 (pgfkeys.sty
iacrcc:opened as pgfkeys.code.tex
(pgfkeys.code.tex)
iacrcc:closed as pgfkeys.code.tex
)
iacrcc:closed as pgfkeys.sty
iacrcc:opened as pgfmath.sty
 (pgfmath.sty
iacrcc:opened as pgfmath.code.tex
 (pgfmath.code.tex)
iacrcc:closed as pgfmath.code.tex
)
iacrcc:closed as pgfmath.sty
iacrcc:opened as pgffor.code.tex
 (pgffor.code.tex
Package: pgffor 2021/05/15 v3.1.9a (3.1.9a)

(pgfmath.code.tex)
\pgffor@iter=\dimen188
\pgffor@skip=\dimen189
\pgffor@stack=\toks31
\pgffor@toks=\toks32
)
iacrcc:closed as pgffor.code.tex
)
iacrcc:closed as pgffor.sty
iacrcc:opened as tikz.code.tex
 (tikz.code.tex
Package: tikz 2021/05/15 v3.1.9a (3.1.9a)
 (pgflibraryplothandlers.code.tex
File: pgflibraryplothandlers.code.tex 2021/05/15 v3.1.9a (3.1.9a)
\pgf@plot@mark@count=\count283
\pgfplotmarksize=\dimen190
)
\tikz@lastx=\dimen191
\tikz@lasty=\dimen192
\tikz@lastxsaved=\dimen193
\tikz@lastysaved=\dimen194
\tikz@lastmovetox=\dimen195
\tikz@lastmovetoy=\dimen196
\tikzleveldistance=\dimen197
\tikzsiblingdistance=\dimen198
\tikz@figbox=\box60
\tikz@figbox@bg=\box61
\tikz@tempbox=\box62
\tikz@tempbox@bg=\box63
\tikztreelevel=\count284
\tikznumberofchildren=\count285
\tikznumberofcurrentchild=\count286
\tikz@fig@count=\count287

(pgfmodulematrix.code.tex
File: pgfmodulematrix.code.tex 2021/05/15 v3.1.9a (3.1.9a)
\pgfmatrixcurrentrow=\count288
\pgfmatrixcurrentcolumn=\count289
\pgf@matrix@numberofcolumns=\count290
)
\tikz@expandcount=\count291
 (tikzlibrarytopaths.code.tex
File: tikzlibrarytopaths.code.tex 2021/05/15 v3.1.9a (3.1.9a)
))
iacrcc:closed as tikz.code.tex
)
iacrcc:closed as tikz.sty

(tikzlibrarysvg.path.code.tex
File: tikzlibrarysvg.path.code.tex 2021/05/15 v3.1.9a (3.1.9a)
 (pgflibrarysvg.path.code.tex
File: pgflibrarysvg.path.code.tex 2021/05/15 v3.1.9a (3.1.9a)

(pgfmoduleparser.code.tex
File: pgfmoduleparser.code.tex 2021/05/15 v3.1.9a (3.1.9a)
\pgfparserdef@arg@count=\count292
)
\pgf@lib@svg@last@x=\dimen199
\pgf@lib@svg@last@y=\dimen256
\pgf@lib@svg@last@c@x=\dimen257
\pgf@lib@svg@last@c@y=\dimen258
\pgf@lib@svg@count=\count293
\pgf@lib@svg@max@num=\count294
))
\@curXheight=\skip49
\c@IACR@author@cnt=\count295
\c@IACR@inst@cnt=\count296
\c@IACR@email@cnt=\count297
\iacrmeta=\write4
\openout4 = `humble.meta'.

iacrcc:opened as xpatch.sty
 (xpatch.sty
Package: xpatch 2020/03/25 v0.3a Extending etoolbox patching commands
iacrcc:opened as xparse.sty
 (xparse.sty
Package: xparse 2022-01-12 L3 Experimental document command parser
)
iacrcc:closed as xparse.sty
)
iacrcc:closed as xpatch.sty
iacrcc:opened as alphalph.sty
 (alphalph.sty
Package: alphalph 2019/12/09 v2.6 Convert numbers to letters (HO)
iacrcc:opened as infwarerr.sty

(infwarerr.sty
Package: infwarerr 2019/12/03 v1.5 Providing info/warning/error messages (HO)
)
iacrcc:closed as infwarerr.sty
iacrcc:opened as intcalc.sty
 (intcalc.sty
Package: intcalc 2019/12/15 v1.3 Expandable calculations with integers (HO)
)
iacrcc:closed as intcalc.sty
)
iacrcc:closed as alphalph.sty
iacrcc:opened as tokcycle.sty
 (tokcycle.sty (tokcycle.tex
\tc@tok=\toks33
\tcdepth=\count298
\cytoks=\toks34
)
Package: tokcycle 2021/08/25 V1.42 Cycle through and transform a stream of toke
ns
)
iacrcc:closed as tokcycle.sty
iacrcc:opened as listofitems.sty
 (listofitems.sty
(listofitems.tex
\loi_cnt_foreach_nest=\count299
\loi_nestcnt=\count300
)
Package: listofitems 2019/08/21 v1.63 Grab items in lists using user-specified 
sep char (CT)
)
iacrcc:closed as listofitems.sty
iacrcc:opened as fancyhdr.sty
 (fancyhdr.sty
Package: fancyhdr 2021/01/28 v4.0.1 Extensive control of page headers and foote
rs
\f@nch@headwidth=\skip50
\f@nch@O@elh=\skip51
\f@nch@O@erh=\skip52
\f@nch@O@olh=\skip53
\f@nch@O@orh=\skip54
\f@nch@O@elf=\skip55
\f@nch@O@erf=\skip56
\f@nch@O@olf=\skip57
\f@nch@O@orf=\skip58
)
iacrcc:closed as fancyhdr.sty
iacrcc:opened as xurl.sty
 (xurl.sty
Package: xurl 2022/01/09 v 0.10 modify URL breaks
iacrcc:opened as url.sty
 (url.sty
\Urlmuskip=\muskip16
Package: url 2013/09/16  ver 3.4  Verb mode for urls, etc.
)
iacrcc:closed as url.sty
)
iacrcc:closed as xurl.sty
iacrcc:opened as fancyvrb.sty
 (fancyvrb.sty
Package: fancyvrb 2021/12/21 4.1b verbatim text (tvz,hv)
\FV@CodeLineNo=\count301
\FV@InFile=\read3
\FV@TabBox=\box64
\c@FancyVerbLine=\count302
\FV@StepNumber=\count303
\FV@OutFile=\write5
)
iacrcc:closed as fancyvrb.sty
iacrcc:opened as amsmath.sty

(amsmath.sty
Package: amsmath 2021/10/15 v2.17l AMS math features
\@mathmargin=\skip59

For additional information on amsmath, use the `?' option.
iacrcc:opened as amstext.sty
(amstext.sty
Package: amstext 2021/08/26 v2.01 AMS text
iacrcc:opened as amsgen.sty
 (amsgen.sty
File: amsgen.sty 1999/11/30 v2.0 generic functions
\@emptytoks=\toks35
\ex@=\dimen259
)
iacrcc:closed as amsgen.sty
)
iacrcc:closed as amstext.sty
iacrcc:opened as amsbsy.sty
 (amsbsy.sty
Package: amsbsy 1999/11/29 v1.2d Bold Symbols
\pmbraise@=\dimen260
)
iacrcc:closed as amsbsy.sty
iacrcc:opened as amsopn.sty
 (amsopn.sty
Package: amsopn 2021/08/26 v2.02 operator names
)
iacrcc:closed as amsopn.sty
\inf@bad=\count304
LaTeX Info: Redefining \frac on input line 234.
\uproot@=\count305
\leftroot@=\count306
LaTeX Info: Redefining \overline on input line 399.
\classnum@=\count307
\DOTSCASE@=\count308
LaTeX Info: Redefining \ldots on input line 496.
LaTeX Info: Redefining \dots on input line 499.
LaTeX Info: Redefining \cdots on input line 620.
\Mathstrutbox@=\box65
\strutbox@=\box66
\big@size=\dimen261
LaTeX Font Info:    Redeclaring font encoding OML on input line 743.
LaTeX Font Info:    Redeclaring font encoding OMS on input line 744.
\macc@depth=\count309
\c@MaxMatrixCols=\count310
\dotsspace@=\muskip17
\c@parentequation=\count311
\dspbrk@lvl=\count312
\tag@help=\toks36
\row@=\count313
\column@=\count314
\maxfields@=\count315
\andhelp@=\toks37
\eqnshift@=\dimen262
\alignsep@=\dimen263
\tagshift@=\dimen264
\tagwidth@=\dimen265
\totwidth@=\dimen266
\lineht@=\dimen267
\@envbody=\toks38
\multlinegap=\skip60
\multlinetaggap=\skip61
\mathdisplay@stack=\toks39
LaTeX Info: Redefining \[ on input line 2938.
LaTeX Info: Redefining \] on input line 2939.
)
iacrcc:closed as amsmath.sty
iacrcc:opened as amssymb.sty
 (amssymb.sty
Package: amssymb 2013/01/14 v3.01 AMS font symbols
iacrcc:opened as amsfonts.sty

(amsfonts.sty
Package: amsfonts 2013/01/14 v3.01 Basic AMSFonts support
\symAMSa=\mathgroup4
\symAMSb=\mathgroup5
LaTeX Font Info:    Redeclaring math symbol \hbar on input line 98.
LaTeX Font Info:    Overwriting math alphabet `\mathfrak' in version `bold'
(Font)                  U/euf/m/n --> U/euf/b/n on input line 106.
)
iacrcc:closed as amsfonts.sty
)
iacrcc:closed as amssymb.sty
iacrcc:opened as amsthm.sty
 (amsthm.sty
Package: amsthm 2020/05/29 v2.20.6
\thm@style=\toks40
\thm@bodyfont=\toks41
\thm@headfont=\toks42
\thm@notefont=\toks43
\thm@headpunct=\toks44
\thm@preskip=\skip62
\thm@postskip=\skip63
\thm@headsep=\skip64
\dth@everypar=\toks45
)
iacrcc:closed as amsthm.sty
iacrcc:opened as mathtools.sty
 (mathtools.sty
Package: mathtools 2022/02/07 v1.28a mathematical typesetting tools
iacrcc:opened as calc.sty
 (calc.sty
Package: calc 2017/05/25 v4.3 Infix arithmetic (KKT,FJ)
\calc@Acount=\count316
\calc@Bcount=\count317
\calc@Adimen=\dimen268
\calc@Bdimen=\dimen269
\calc@Askip=\skip65
\calc@Bskip=\skip66
LaTeX Info: Redefining \setlength on input line 80.
LaTeX Info: Redefining \addtolength on input line 81.
\calc@Ccount=\count318
\calc@Cskip=\skip67
)
iacrcc:closed as calc.sty
iacrcc:opened as mhsetup.sty
 (mhsetup.sty
Package: mhsetup 2021/03/18 v1.4 programming setup (MH)
)
iacrcc:closed as mhsetup.sty
\g_MT_multlinerow_int=\count319
\l_MT_multwidth_dim=\dimen270
\origjot=\skip68
\l_MT_shortvdotswithinadjustabove_dim=\dimen271
\l_MT_shortvdotswithinadjustbelow_dim=\dimen272
\l_MT_above_intertext_sep=\dimen273
\l_MT_below_intertext_sep=\dimen274
\l_MT_above_shortintertext_sep=\dimen275
\l_MT_below_shortintertext_sep=\dimen276
\xmathstrut@box=\box67
\xmathstrut@dim=\dimen277
)
iacrcc:closed as mathtools.sty
\c@definition=\count320
\c@example=\count321
\c@exercise=\count322
\c@property=\count323
\c@question=\count324
\c@solution=\count325
\c@theorem=\count326
\c@proposition=\count327
\c@problem=\count328
\c@lemma=\count329
\c@conjecture=\count330
\c@corollary=\count331
\c@remark=\count332
\c@note=\count333
\c@case=\count334
iacrcc:opened as float.sty

(float.sty
Package: float 2001/11/08 v1.3d Float enhancements (AL)
\c@float@type=\count335
\float@exts=\toks46
\float@box=\box68
\@float@everytoks=\toks47
\@floatcapt=\box69
)
iacrcc:closed as float.sty
\@float@every@table=\toks48
\@float@every@figure=\toks49
iacrcc:opened as microtype.sty
 (microtype.sty
Package: microtype 2022/03/14 v3.0d Micro-typographical refinements (RS)
\MT@toks=\toks50
\MT@tempbox=\box70
\MT@count=\count336
LaTeX Info: Redefining \noprotrusionifhmode on input line 1027.
LaTeX Info: Redefining \leftprotrusion on input line 1028.
LaTeX Info: Redefining \rightprotrusion on input line 1036.
LaTeX Info: Redefining \textls on input line 1195.
\MT@outer@kern=\dimen278
LaTeX Info: Redefining \textmicrotypecontext on input line 1781.
\MT@listname@count=\count337
iacrcc:opened as microtype-xetex.def
 (microtype-xetex.def
File: microtype-xetex.def 2022/03/14 v3.0d Definitions specific to xetex (RS)
LaTeX Info: Redefining \lsstyle on input line 236.
)
iacrcc:closed as microtype-xetex.def
Package microtype Info: Loading configuration file microtype.cfg.
iacrcc:opened as microtype.cfg
 (microtype.cfg
File: microtype.cfg 2022/03/14 v3.0d microtype main configuration file (RS)
)
iacrcc:closed as microtype.cfg
)
iacrcc:closed as microtype.sty
)
iacrcc:closed as humble.tex
iacrcc:opened as fontspec.sty

(fontspec.sty
Package: fontspec 2022/01/15 v2.8a Font selection for XeLaTeX and LuaLaTeX
iacrcc:opened as fontspec-xetex.sty
 (fontspec-xetex.sty
Package: fontspec-xetex 2022/01/15 v2.8a Font selection for XeLaTeX and LuaLaTe
X
\l__fontspec_script_int=\count338
\l__fontspec_language_int=\count339
\l__fontspec_strnum_int=\count340
\l__fontspec_tmp_int=\count341
\l__fontspec_tmpa_int=\count342
\l__fontspec_tmpb_int=\count343
\l__fontspec_tmpc_int=\count344
\l__fontspec_em_int=\count345
\l__fontspec_emdef_int=\count346
\l__fontspec_strong_int=\count347
\l__fontspec_strongdef_int=\count348
\l__fontspec_tmpa_dim=\dimen279
\l__fontspec_tmpb_dim=\dimen280
\l__fontspec_tmpc_dim=\dimen281
iacrcc:opened as fontenc.sty
 (fontenc.sty
Package: fontenc 2021/04/29 v2.0v Standard LaTeX package
)
iacrcc:closed as fontenc.sty
iacrcc:opened as fontspec.cfg
 (fontspec.cfg)
iacrcc:closed as fontspec.cfg
)
iacrcc:closed as fontspec-xetex.sty
)
iacrcc:closed as fontspec.sty
iacrcc:opened as enumitem.sty
 (enumitem.sty
Package: enumitem 2019/06/20 v3.9 Customized lists
\labelindent=\skip69
\enit@outerparindent=\dimen282
\enit@toks=\toks51
\enit@inbox=\box71
\enit@count@id=\count349
\enitdp@description=\count350
)
iacrcc:closed as enumitem.sty
iacrcc:opened as booktabs.sty
(booktabs.sty
Package: booktabs 2020/01/12 v1.61803398 Publication quality tables
\heavyrulewidth=\dimen283
\lightrulewidth=\dimen284
\cmidrulewidth=\dimen285
\belowrulesep=\dimen286
\belowbottomsep=\dimen287
\aboverulesep=\dimen288
\abovetopsep=\dimen289
\cmidrulesep=\dimen290
\cmidrulekern=\dimen291
\defaultaddspace=\dimen292
\@cmidla=\count351
\@cmidlb=\count352
\@aboverulesep=\dimen293
\@belowrulesep=\dimen294
\@thisruleclass=\count353
\@lastruleclass=\count354
\@thisrulewidth=\dimen295
)
iacrcc:closed as booktabs.sty
iacrcc:opened as tabularx.sty
 (tabularx.sty
Package: tabularx 2020/01/15 v2.11c `tabularx' package (DPC)
iacrcc:opened as array.sty
 (array.sty
Package: array 2021/10/04 v2.5f Tabular extension package (FMi)
\col@sep=\dimen296
\ar@mcellbox=\box72
\extrarowheight=\dimen297
\NC@list=\toks52
\extratabsurround=\skip70
\backup@length=\skip71
\ar@cellbox=\box73
)
iacrcc:closed as array.sty
\TX@col@width=\dimen298
\TX@old@table=\dimen299
\TX@old@col=\dimen300
\TX@target=\dimen301
\TX@delta=\dimen302
\TX@cols=\count355
\TX@ftn=\toks53
)
iacrcc:closed as tabularx.sty
iacrcc:opened as placeins.sty
 (placeins.sty
Package: placeins 2005/04/18  v 2.2
)
iacrcc:closed as placeins.sty
iacrcc:opened as listings.sty
 (listings.sty
\lst@mode=\count356
\lst@gtempboxa=\box74
\lst@token=\toks54
\lst@length=\count357
\lst@currlwidth=\dimen303
\lst@column=\count358
\lst@pos=\count359
\lst@lostspace=\dimen304
\lst@width=\dimen305
\lst@newlines=\count360
\lst@lineno=\count361
\lst@maxwidth=\dimen306
iacrcc:opened as lstmisc.sty

(lstmisc.sty
File: lstmisc.sty 2020/03/24 1.8d (Carsten Heinz)
\c@lstnumber=\count362
\lst@skipnumbers=\count363
\lst@framebox=\box75
)
iacrcc:closed as lstmisc.sty
iacrcc:opened as listings.cfg
 (listings.cfg
File: listings.cfg 2020/03/24 1.8d listings configuration
)
iacrcc:closed as listings.cfg
)
iacrcc:closed as listings.sty
Package: listings 2020/03/24 1.8d (Carsten Heinz)
 (tikzlibrarypositioning.code.tex
File: tikzlibrarypositioning.code.tex 2021/05/15 v3.1.9a (3.1.9a)
)
(tikzlibrarycalc.code.tex
File: tikzlibrarycalc.code.tex 2021/05/15 v3.1.9a (3.1.9a)
) (tikzlibraryfit.code.tex
File: tikzlibraryfit.code.tex 2021/05/15 v3.1.9a (3.1.9a)
)
(pgflibraryarrows.meta.code.tex
File: pgflibraryarrows.meta.code.tex 2021/05/15 v3.1.9a (3.1.9a)
\pgfarrowinset=\dimen307
\pgfarrowlength=\dimen308
\pgfarrowwidth=\dimen309
\pgfarrowlinewidth=\dimen310
) (tikzlibrarybackgrounds.code.tex
File: tikzlibrarybackgrounds.code.tex 2021/05/15 v3.1.9a (3.1.9a)
\pgf@layerbox@background=\box76
\pgf@layerboxsaved@background=\box77
)

Package fontspec Info: Berkeley Mono scale = 0.8320421352782802.


Package fontspec Info: Berkeley Mono scale = 0.8320421352782802.


Package fontspec Info: Berkeley Mono/B scale = 0.8162852461195672.


Package fontspec Info: Berkeley Mono/I scale = 0.8320421352782802.


Package fontspec Info: Berkeley Mono/BI scale = 0.8162852461195672.


Package fontspec Info: Font family 'BerkeleyMono(0)' created for font
(fontspec)             'Berkeley Mono' with options
(fontspec)             [WordSpace={1,0,0},HyphenChar=None,PunctuationSpace=Word
Space,Scale=MatchLowercase].
(fontspec)              
(fontspec)              This font family consists of the following NFSS
(fontspec)             series/shapes:
(fontspec)              
(fontspec)             - 'normal' (m/n) with NFSS spec.:
(fontspec)             <->s*[0.8320421352782802]"Berkeley
(fontspec)             Mono/OT:script=latn;language=dflt;"
(fontspec)             - 'small caps'  (m/sc) with NFSS spec.: 
(fontspec)             and font adjustment code:
(fontspec)             \fontdimen 2\font =1\fontdimen 2\font \fontdimen 3\font
(fontspec)             =0\fontdimen 3\font \fontdimen 4\font =0\fontdimen
(fontspec)             4\font \fontdimen 7\font =0\fontdimen 2\font
(fontspec)             \tex_hyphenchar:D \font =-1\scan_stop: 
(fontspec)             - 'bold' (b/n) with NFSS spec.:
(fontspec)             <->s*[0.8162852461195672]"Berkeley
(fontspec)             Mono/B/OT:script=latn;language=dflt;"
(fontspec)             - 'bold small caps'  (b/sc) with NFSS spec.: 
(fontspec)             and font adjustment code:
(fontspec)             \fontdimen 2\font =1\fontdimen 2\font \fontdimen 3\font
(fontspec)             =0\fontdimen 3\font \fontdimen 4\font =0\fontdimen
(fontspec)             4\font \fontdimen 7\font =0\fontdimen 2\font
(fontspec)             \tex_hyphenchar:D \font =-1\scan_stop: 
(fontspec)             - 'italic' (m/it) with NFSS spec.:
(fontspec)             <->s*[0.8320421352782802]"Berkeley
(fontspec)             Mono/I/OT:script=latn;language=dflt;"
(fontspec)             - 'italic small caps'  (m/scit) with NFSS spec.: 
(fontspec)             and font adjustment code:
(fontspec)             \fontdimen 2\font =1\fontdimen 2\font \fontdimen 3\font
(fontspec)             =0\fontdimen 3\font \fontdimen 4\font =0\fontdimen
(fontspec)             4\font \fontdimen 7\font =0\fontdimen 2\font
(fontspec)             \tex_hyphenchar:D \font =-1\scan_stop: 
(fontspec)             - 'bold italic' (b/it) with NFSS spec.:
(fontspec)             <->s*[0.8162852461195672]"Berkeley
(fontspec)             Mono/BI/OT:script=latn;language=dflt;"
(fontspec)             - 'bold italic small caps'  (b/scit) with NFSS spec.: 
(fontspec)             and font adjustment code:
(fontspec)             \fontdimen 2\font =1\fontdimen 2\font \fontdimen 3\font
(fontspec)             =0\fontdimen 3\font \fontdimen 4\font =0\fontdimen
(fontspec)             4\font \fontdimen 7\font =0\fontdimen 2\font
(fontspec)             \tex_hyphenchar:D \font =-1\scan_stop: 

\c@observation=\count364
\c@finding=\count365
iacrcc:opened as hyperref.sty

(hyperref.sty
Package: hyperref 2022-02-21 v7.00n Hypertext links for LaTeX
iacrcc:opened as pdftexcmds.sty
 (pdftexcmds.sty
Package: pdftexcmds 2020-06-27 v0.33 Utility functions of pdfTeX for LuaTeX (HO
)
Package pdftexcmds Info: \pdf@primitive is available.
Package pdftexcmds Info: \pdf@ifprimitive is available.
Package pdftexcmds Info: \pdfdraftmode not found.
)
iacrcc:closed as pdftexcmds.sty
iacrcc:opened as kvdefinekeys.sty
 (kvdefinekeys.sty
Package: kvdefinekeys 2019-12-19 v1.6 Define keys (HO)
)
iacrcc:closed as kvdefinekeys.sty
iacrcc:opened as pdfescape.sty
 (pdfescape.sty
Package: pdfescape 2019/12/09 v1.15 Implements pdfTeX's escape features (HO)
)
iacrcc:closed as pdfescape.sty
iacrcc:opened as hycolor.sty
 (hycolor.sty
Package: hycolor 2020-01-27 v1.10 Color options for hyperref/bookmark (HO)
)
iacrcc:closed as hycolor.sty
iacrcc:opened as letltxmacro.sty
(letltxmacro.sty
Package: letltxmacro 2019/12/03 v1.6 Let assignment for LaTeX macros (HO)
)
iacrcc:closed as letltxmacro.sty
iacrcc:opened as auxhook.sty
 (auxhook.sty
Package: auxhook 2019-12-17 v1.6 Hooks for auxiliary files (HO)
)
iacrcc:closed as auxhook.sty
\@linkdim=\dimen311
\Hy@linkcounter=\count366
\Hy@pagecounter=\count367
iacrcc:opened as pd1enc.def
 (pd1enc.def
File: pd1enc.def 2022-02-21 v7.00n Hyperref: PDFDocEncoding definition (HO)
)
iacrcc:closed as pd1enc.def
iacrcc:opened as etexcmds.sty
 (etexcmds.sty
Package: etexcmds 2019/12/15 v1.7 Avoid name clashes with e-TeX commands (HO)
)
iacrcc:closed as etexcmds.sty
\Hy@SavedSpaceFactor=\count368
iacrcc:opened as puenc.def
 (puenc.def
File: puenc.def 2022-02-21 v7.00n Hyperref: PDF Unicode definition (HO)
)
iacrcc:closed as puenc.def
Package hyperref Info: Option `bookmarksopen' set `true' on input line 4018.
Package hyperref Info: Hyper figures OFF on input line 4137.
Package hyperref Info: Link nesting OFF on input line 4142.
Package hyperref Info: Hyper index ON on input line 4145.
Package hyperref Info: Plain pages OFF on input line 4152.
Package hyperref Info: Backreferencing OFF on input line 4157.
Package hyperref Info: Implicit mode ON; LaTeX internals redefined.
Package hyperref Info: Bookmarks ON on input line 4390.
\c@Hy@tempcnt=\count369
LaTeX Info: Redefining \url on input line 4749.
\XeTeXLinkMargin=\dimen312
iacrcc:opened as bitset.sty

(bitset.sty
Package: bitset 2019/12/09 v1.3 Handle bit-vector datatype (HO)
iacrcc:opened as bigintcalc.sty
 (bigintcalc.sty
Package: bigintcalc 2019/12/15 v1.5 Expandable calculations on big integers (HO
)
)
iacrcc:closed as bigintcalc.sty
)
iacrcc:closed as bitset.sty
\Fld@menulength=\count370
\Field@Width=\dimen313
\Fld@charsize=\dimen314
Package hyperref Info: Hyper figures OFF on input line 6027.
Package hyperref Info: Link nesting OFF on input line 6032.
Package hyperref Info: Hyper index ON on input line 6035.
Package hyperref Info: backreferencing OFF on input line 6042.
Package hyperref Info: Link coloring OFF on input line 6047.
Package hyperref Info: Link coloring with OCG OFF on input line 6052.
Package hyperref Info: PDF/A mode OFF on input line 6057.
LaTeX Info: Redefining \ref on input line 6097.
LaTeX Info: Redefining \pageref on input line 6101.
iacrcc:opened as atbegshi.sty
 (atbegshi-ltx.sty
Package: atbegshi-ltx 2021/01/10 v1.0c Emulation of the original atbegshi
package with kernel methods
)
iacrcc:closed as atbegshi.sty
\Hy@abspage=\count371
\c@Item=\count372
\c@Hfootnote=\count373
)
iacrcc:closed as hyperref.sty
Package hyperref Info: Driver (autodetected): hxetex.
iacrcc:opened as hxetex.def
 (hxetex.def
File: hxetex.def 2022-02-21 v7.00n Hyperref driver for XeTeX
iacrcc:opened as stringenc.sty
 (stringenc.sty
Package: stringenc 2019/11/29 v1.12 Convert strings between diff. encodings (HO
)
)
iacrcc:closed as stringenc.sty
\pdfm@box=\box78
\c@Hy@AnnotLevel=\count374
\HyField@AnnotCount=\count375
\Fld@listcount=\count376
\c@bookmark@seq@number=\count377
iacrcc:opened as rerunfilecheck.sty

(rerunfilecheck.sty
Package: rerunfilecheck 2019/12/05 v1.9 Rerun checks for auxiliary files (HO)
iacrcc:opened as atveryend.sty
 (atveryend-ltx.sty
Package: atveryend-ltx 2020/08/19 v1.0a Emulation of the original atveryend pac
kage
with kernel methods
)
iacrcc:closed as atveryend.sty
iacrcc:opened as uniquecounter.sty
 (uniquecounter.sty
Package: uniquecounter 2019/12/15 v1.4 Provide unlimited unique counter (HO)
)
iacrcc:closed as uniquecounter.sty
Package uniquecounter Info: New unique counter `rerunfilecheck' on input line 2
86.
)
iacrcc:closed as rerunfilecheck.sty
\Hy@SectionHShift=\skip72
)
iacrcc:closed as hxetex.def
Package hyperref Info: Option `colorlinks' set `true' on input line 136.
 (humble.aux)
\openout1 = `humble.aux'.

LaTeX Font Info:    Checking defaults for OML/cmm/m/it on input line 136.
LaTeX Font Info:    ... okay on input line 136.
LaTeX Font Info:    Checking defaults for OMS/cmsy/m/n on input line 136.
LaTeX Font Info:    ... okay on input line 136.
LaTeX Font Info:    Checking defaults for OT1/cmr/m/n on input line 136.
LaTeX Font Info:    ... okay on input line 136.
LaTeX Font Info:    Checking defaults for T1/cmr/m/n on input line 136.
LaTeX Font Info:    ... okay on input line 136.
LaTeX Font Info:    Checking defaults for TS1/cmr/m/n on input line 136.
LaTeX Font Info:    Trying to load font information for TS1+cmr on input line 1
36.
iacrcc:opened as ts1cmr.fd

(ts1cmr.fd
File: ts1cmr.fd 2019/12/16 v2.5j Standard LaTeX font definitions
)
iacrcc:closed as ts1cmr.fd
LaTeX Font Info:    ... okay on input line 136.
LaTeX Font Info:    Checking defaults for TU/lmr/m/n on input line 136.
LaTeX Font Info:    ... okay on input line 136.
LaTeX Font Info:    Checking defaults for OMX/cmex/m/n on input line 136.
LaTeX Font Info:    ... okay on input line 136.
LaTeX Font Info:    Checking defaults for U/cmr/m/n on input line 136.
LaTeX Font Info:    ... okay on input line 136.
LaTeX Font Info:    Checking defaults for PD1/pdf/m/n on input line 136.
LaTeX Font Info:    ... okay on input line 136.
LaTeX Font Info:    Checking defaults for PU/pdf/m/n on input line 136.
LaTeX Font Info:    ... okay on input line 136.

*geometry* driver: auto-detecting
*geometry* detected driver: xetex
*geometry* verbose mode - [ preamble ] result:
* driver: xetex
* paper: a4paper
* layout: <same size as paper>
* layoutoffset:(h,v)=(0.0pt,0.0pt)
* hratio: 1:1
* vratio: 1:1
* modes: twoside 
* h-part:(L,W,R)=(104.5657pt, 388.37646pt, 104.5657pt)
* v-part:(T,H,B)=(105.63086pt, 633.78513pt, 105.63086pt)
* \paperwidth=597.50787pt
* \paperheight=845.04684pt
* \textwidth=388.37646pt
* \textheight=633.78513pt
* \oddsidemargin=32.29572pt
* \evensidemargin=32.29572pt
* \topmargin=-3.63913pt
* \headheight=12.0pt
* \headsep=25.0pt
* \topskip=10.0pt
* \footskip=30.0pt
* \marginparwidth=76.82234pt
* \marginparsep=11.0pt
* \columnsep=10.0pt
* \skip\footins=9.0pt plus 4.0pt minus 2.0pt
* \hoffset=0.0pt
* \voffset=0.0pt
* \mag=1000
* \@twocolumnfalse
* \@twosidetrue
* \@mparswitchtrue
* \@reversemarginfalse
* (1in=72.27pt=25.4mm, 1cm=28.453pt)

LaTeX Info: Redefining \microtypecontext on input line 136.
Package microtype Info: Applying patch `item' on input line 136.
Package microtype Info: Applying patch `toc' on input line 136.
Package microtype Info: Applying patch `eqnum' on input line 136.
Package microtype Info: Applying patch `footnote' on input line 136.
Package microtype Info: Character protrusion enabled (level 2).
Package microtype Info: Using default protrusion set `alltext'.
Package microtype Info: No adjustment of tracking.
Package microtype Info: No adjustment of spacing.
Package microtype Info: No adjustment of kerning.
iacrcc:opened as mt-LatinModernRoman.cfg
(mt-LatinModernRoman.cfg
File: mt-LatinModernRoman.cfg 2021/02/21 v1.1 microtype config. file: Latin Mod
ern Roman (RS)
)
iacrcc:closed as mt-LatinModernRoman.cfg

Package fontspec Info: Adjusting the maths setup (use [no-math] to avoid
(fontspec)             this).

\symlegacymaths=\mathgroup6
LaTeX Font Info:    Overwriting symbol font `legacymaths' in version `bold'
(Font)                  OT1/cmr/m/n --> OT1/cmr/bx/n on input line 136.
LaTeX Font Info:    Redeclaring math accent \acute on input line 136.
LaTeX Font Info:    Redeclaring math accent \grave on input line 136.
LaTeX Font Info:    Redeclaring math accent \ddot on input line 136.
LaTeX Font Info:    Redeclaring math accent \tilde on input line 136.
LaTeX Font Info:    Redeclaring math accent \bar on input line 136.
LaTeX Font Info:    Redeclaring math accent \breve on input line 136.
LaTeX Font Info:    Redeclaring math accent \check on input line 136.
LaTeX Font Info:    Redeclaring math accent \hat on input line 136.
LaTeX Font Info:    Redeclaring math accent \dot on input line 136.
LaTeX Font Info:    Redeclaring math accent \mathring on input line 136.
LaTeX Font Info:    Redeclaring math symbol \Gamma on input line 136.
LaTeX Font Info:    Redeclaring math symbol \Delta on input line 136.
LaTeX Font Info:    Redeclaring math symbol \Theta on input line 136.
LaTeX Font Info:    Redeclaring math symbol \Lambda on input line 136.
LaTeX Font Info:    Redeclaring math symbol \Xi on input line 136.
LaTeX Font Info:    Redeclaring math symbol \Pi on input line 136.
LaTeX Font Info:    Redeclaring math symbol \Sigma on input line 136.
LaTeX Font Info:    Redeclaring math symbol \Upsilon on input line 136.
LaTeX Font Info:    Redeclaring math symbol \Phi on input line 136.
LaTeX Font Info:    Redeclaring math symbol \Psi on input line 136.
LaTeX Font Info:    Redeclaring math symbol \Omega on input line 136.
LaTeX Font Info:    Redeclaring math symbol \mathdollar on input line 136.
LaTeX Font Info:    Redeclaring symbol font `operators' on input line 136.
LaTeX Font Info:    Encoding `OT1' has changed to `TU' for symbol font
(Font)              `operators' in the math version `normal' on input line 136.

LaTeX Font Info:    Overwriting symbol font `operators' in version `normal'
(Font)                  OT1/cmr/m/n --> TU/lmr/m/n on input line 136.
LaTeX Font Info:    Encoding `OT1' has changed to `TU' for symbol font
(Font)              `operators' in the math version `bold' on input line 136.
LaTeX Font Info:    Overwriting symbol font `operators' in version `bold'
(Font)                  OT1/cmr/bx/n --> TU/lmr/m/n on input line 136.
LaTeX Font Info:    Overwriting symbol font `operators' in version `normal'
(Font)                  TU/lmr/m/n --> TU/lmr/m/n on input line 136.
LaTeX Font Info:    Overwriting math alphabet `\mathit' in version `normal'
(Font)                  OT1/cmr/m/it --> TU/lmr/m/it on input line 136.
LaTeX Font Info:    Overwriting math alphabet `\mathbf' in version `normal'
(Font)                  OT1/cmr/bx/n --> TU/lmr/b/n on input line 136.
LaTeX Font Info:    Overwriting math alphabet `\mathsf' in version `normal'
(Font)                  OT1/cmss/m/n --> TU/lmss/m/n on input line 136.
LaTeX Font Info:    Overwriting math alphabet `\mathtt' in version `normal'
(Font)                  OT1/cmtt/m/n --> TU/BerkeleyMono(0)/m/n on input line 1
36.
LaTeX Font Info:    Overwriting symbol font `operators' in version `bold'
(Font)                  TU/lmr/m/n --> TU/lmr/b/n on input line 136.
LaTeX Font Info:    Overwriting math alphabet `\mathit' in version `bold'
(Font)                  OT1/cmr/bx/it --> TU/lmr/b/it on input line 136.
LaTeX Font Info:    Overwriting math alphabet `\mathsf' in version `bold'
(Font)                  OT1/cmss/bx/n --> TU/lmss/b/n on input line 136.
LaTeX Font Info:    Overwriting math alphabet `\mathtt' in version `bold'
(Font)                  OT1/cmtt/m/n --> TU/BerkeleyMono(0)/b/n on input line 1
36.
\c@lstlisting=\count378
Package hyperref Info: Link coloring ON on input line 136.
iacrcc:opened as nameref.sty
 (nameref.sty
Package: nameref 2021-04-02 v2.47 Cross-referencing by name of section
iacrcc:opened as refcount.sty
 (refcount.sty
Package: refcount 2019/12/15 v3.6 Data extraction from label references (HO)
)
iacrcc:closed as refcount.sty
iacrcc:opened as gettitlestring.sty
 (gettitlestring.sty
Package: gettitlestring 2019/12/15 v1.6 Cleanup title references (HO)
)
iacrcc:closed as gettitlestring.sty
\c@section@level=\count379
)
iacrcc:closed as nameref.sty
LaTeX Info: Redefining \ref on input line 136.
LaTeX Info: Redefining \pageref on input line 136.
LaTeX Info: Redefining \nameref on input line 136.
iacrcc:opened as humble.out

(humble.out)
iacrcc:closed as humble.out
iacrcc:opened as humble.out
 (humble.out)
iacrcc:closed as humble.out
\@outlinefile=\write6
\openout6 = `humble.out'.

LaTeX Font Info:    Trying to load font information for U+msa on input line 137
.
iacrcc:opened as umsa.fd
 (umsa.fd
File: umsa.fd 2013/01/14 v3.01 AMS symbols A
)
iacrcc:closed as umsa.fd
iacrcc:opened as mt-msa.cfg
 (mt-msa.cfg
File: mt-msa.cfg 2006/02/04 v1.1 microtype config. file: AMS symbols (a) (RS)
)
iacrcc:closed as mt-msa.cfg
LaTeX Font Info:    Trying to load font information for U+msb on input line 137
.
iacrcc:opened as umsb.fd
 (umsb.fd
File: umsb.fd 2013/01/14 v3.01 AMS symbols B
)
iacrcc:closed as umsb.fd
iacrcc:opened as mt-msb.cfg
 (mt-msb.cfg
File: mt-msb.cfg 2005/06/01 v1.0 microtype config. file: AMS symbols (b) (RS)
)
iacrcc:closed as mt-msb.cfg
iacrcc:opened as mt-cmr.cfg

(mt-cmr.cfg
File: mt-cmr.cfg 2013/05/19 v2.2 microtype config. file: Computer Modern Roman 
(RS)
)
iacrcc:closed as mt-cmr.cfg


Package hyperref Warning: Ignoring empty anchor on input line 137.

LaTeX Font Info:    Font shape `TU/BerkeleyMono(0)/m/n' will be
(Font)              scaled to size 6.65637pt on input line 137.
Package microtype Info: Loading generic protrusion settings for font family
(microtype)             `BerkeleyMono' (encoding: TU).
(microtype)             For optimal results, create family-specific settings.
(microtype)             See the microtype manual for details.
Package microtype Info: Loading generic protrusion settings for font family
(microtype)             `lmss' (encoding: TU).
(microtype)             For optimal results, create family-specific settings.
(microtype)             See the microtype manual for details.
\c@IACR@cnt=\count380
LaTeX Font Info:    Font shape `TU/BerkeleyMono(0)/m/n' will be
(Font)              scaled to size 7.48842pt on input line 146.
[1

]
LaTeX Font Info:    Font shape `TU/BerkeleyMono(0)/m/n' will be
(Font)              scaled to size 8.32047pt on input line 206.
 [2] [3]
LaTeX Font Info:    Font shape `TU/BerkeleyMono(0)/b/n' will be
(Font)              scaled to size 6.53027pt on input line 344.
LaTeX Font Info:    Font shape `TU/BerkeleyMono(0)/b/n' will be
(Font)              scaled to size 11.75449pt on input line 366.
LaTeX Font Info:    Font shape `TU/BerkeleyMono(0)/m/it' will be
(Font)              scaled to size 6.65637pt on input line 378.

Overfull \hbox (25.81474pt too wide) in paragraph at lines 389--391
[]\TU/lmr/m/n/10 Everything therefore depends on the classifier (\TU/BerkeleyMo
no(0)/m/n/9 Theory/Constraint/System/Guarded.hs:156-164\TU/lmr/m/n/10 ): 
 []

[4] [5]
LaTeX Font Info:    Font shape `TU/BerkeleyMono(0)/b/n' will be
(Font)              scaled to size 7.34656pt on input line 492.
 [6] [7] [8] [9] [10] [11] [12] [13] [14]

Class iacrcc Warning: 
Your final version will need the textabstract environment.
.

[15] (humble.aux)
Package rerunfilecheck Info: File `humble.out' has not changed.
(rerunfilecheck)             Checksum: 52D55181A78CE7C0DC5312B4DD570787;6596.
 )
Output written on humble.xdv (15 pages, 560404 bytes).
